Using QC=/export/home/mscheure/data/qchem_ccman2_pe/qchem
Using QCAUX=/opt/software/Q-Chem/qcaux_qchem_5.1
/export/home/mscheure/data/qchem_ccman2_pe/qchem/exe/qcprog.exe .h2o_ccsd_eompol4.in.51217.qcin.1 /lscratch/mscheure/bla/qchem51217/
                  Welcome to Q-Chem
     A Quantum Leap Into The Future Of Chemistry


 Q-Chem 5.3 (devel), Q-Chem, Inc., Pleasanton, CA (2020)

 Yihan Shao,  Zhengting Gan,  E. Epifanovsky,  A. T. B. Gilbert,  M. Wormit,  
 J. Kussmann,  A. W. Lange,  A. Behn,  Jia Deng,  Xintian Feng,  D. Ghosh,  
 M. Goldey,  P. R. Horn,  L. D. Jacobson,  I. Kaliman,  T. Kus,  A. Landau,  
 Jie Liu,  E. I. Proynov,  R. M. Richard,  R. P. Steele,  E. J. Sundstrom,  
 H. L. Woodcock III,  P. M. Zimmerman,  D. Zuev,  B. Alam,  B. Albrecht,  
 E. Alguire,  S. A. Baeppler,  D. Barton,  Z. Benda,  Y. A. Bernard,  
 E. J. Berquist,  K. B. Bravaya,  H. Burton,  K. Carter-Fenk,  D. Casanova,  
 Chun-Min Chang,  Yunqing Chen,  A. Chien,  K. D. Closser,  M. P. Coons,  
 S. Coriani,  S. Dasgupta,  A. L. Dempwolff,  M. Diedenhofen,  Hainam Do,  
 R. G. Edgar,  Po-Tung Fang,  S. Faraji,  S. Fatehi,  Qingguo Feng,  
 J. Fosso-Tande,  J. Gayvert,  Qinghui Ge,  A. Ghysels,  G. Gidofalvi,  
 J. Gomes,  J. Gonthier,  A. Gunina,  D. Hait,  M. W. D. Hanson-Heine,  
 P. H. P. Harbach,  A. W. Hauser,  M. F. Herbst,  J. E. Herr,  
 E. G. Hohenstein,  Z. C. Holden,  Kerwin Hui,  B. C. Huynh,  T.-C. Jagau,  
 Hyunjun Ji,  B. Kaduk,  K. Khistyaev,  Jaehoon Kim,  P. Klunzinger,  K. Koh,  
 D. Kosenkov,  L. Koulias,  T. Kowalczyk,  C. M. Krauter,  A. Kunitsa,  
 Ka Un Lao,  A. Laurent,  K. V. Lawler,  Joonho Lee,  D. Lefrancois,  
 S. Lehtola,  D. S. Levine,  Yi-Pei Li,  You-Sheng Lin,  Fenglai Liu,  
 Kuan-Yu Liu,  E. Livshits,  M. Loipersberger,  A. Luenser,  P. Manohar,  
 E. Mansoor,  S. F. Manzer,  Shan-Ping Mao,  Yuezhi Mao,  N. Mardirossian,  
 A. V. Marenich,  T. Markovich,  L. A. Martinez-Martinez,  S. A. Maurer,  
 N. J. Mayhall,  S. C. McKenzie,  J.-M. Mewes,  P. Morgante,  A. F. Morrison,  
 J. W. Mullinax,  K. Nanda,  T. S. Nguyen-Beck,  R. Olivares-Amaya,  
 J. A. Parkhill,  S. K. Paul,  F. Pavosevic,  Zheng Pei,  T. M. Perrine,  
 F. Plasser,  P. Pokhilko,  S. Prager,  A. Prociuk,  E. Ramos,  B. Rana,  
 D. R. Rehn,  F. Rob,  M. Scheurer,  M. Schneider,  N. Sergueev,  
 S. M. Sharada,  S. Sharma,  D. W. Small,  T. Stauch,  C. J. Stein,  
 T. Stein,  Yu-Chuan Su,  S. P. Veccham,  Zhen Tao,  A. J. W. Thom,  
 A. Tkatchenko,  T. Tsuchimochi,  N. M. Tubman,  L. Vogt,  M. L. Vidal,  
 O. Vydrov,  M. A. Watson,  J. Wenzel,  M. de Wergifosse,  T. A. Wesolowski,  
 A. White,  J. Witte,  A. Yamada,  Jun Yang,  K. Yao,  S. Yeganeh,  
 S. R. Yost,  Zhi-Qiang You,  A. Zech,  Igor Ying Zhang,  Xing Zhang,  
 Yan Zhao,  Ying Zhu,  B. R. Brooks,  G. K. L. Chan,  C. J. Cramer,  
 M. S. Gordon,  W. J. Hehre,  A. Klamt,  M. W. Schmidt,  C. D. Sherrill,  
 D. G. Truhlar,  A. Aspuru-Guzik,  R. Baer,  A. T. Bell,  N. A. Besley,  
 Jeng-Da Chai,  A. E. DePrince, III,  R. A. DiStasio Jr.,  A. Dreuw,  
 B. D. Dunietz,  T. R. Furlani,  Chao-Ping Hsu,  Yousung Jung,  Jing Kong,  
 D. S. Lambrecht,  WanZhen Liang,  C. Ochsenfeld,  V. A. Rassolov,  
 L. V. Slipchenko,  J. E. Subotnik,  T. Van Voorhis,  J. M. Herbert,  
 A. I. Krylov,  P. M. W. Gill,  M. Head-Gordon

 Contributors to earlier versions of Q-Chem not listed above: 
 R. D. Adamson,  B. Austin,  J. Baker,  G. J. O. Beran,  K. Brandhorst,  
 S. T. Brown,  E. F. C. Byrd,  A. K. Chakraborty,  C.-L. Cheng,  
 Siu Hung Chien,  D. M. Chipman,  D. L. Crittenden,  H. Dachsel,  
 R. J. Doerksen,  A. D. Dutoi,  L. Fusti-Molnar,  W. A. Goddard III,  
 A. Golubeva-Zadorozhnaya,  S. R. Gwaltney,  G. Hawkins,  A. Heyden,  
 S. Hirata,  G. Kedziora,  F. J. Keil,  C. Kelley,  Jihan Kim,  R. A. King,  
 R. Z. Khaliullin,  P. P. Korambath,  W. Kurlancheek,  A. M. Lee,  M. S. Lee,  
 S. V. Levchenko,  Ching Yeh Lin,  D. Liotard,  R. C. Lochan,  I. Lotan,  
 P. E. Maslen,  N. Nair,  D. P. O'Neill,  D. Neuhauser,  E. Neuscamman,  
 C. M. Oana,  R. Olson,  B. Peters,  R. Peverati,  P. A. Pieniazek,  
 Y. M. Rhee,  J. Ritchie,  M. A. Rohrdanz,  E. Rosta,  N. J. Russ,  
 H. F. Schaefer III,  N. E. Schultz,  N. Shenvi,  A. C. Simmonett,  A. Sodt,  
 D. Stuck,  K. S. Thanthiriwatte,  V. Vanovschi,  Tao Wang,  A. Warshel,  
 C. F. Williams,  Q. Wu,  X. Xu,  W. Zhang

 Please cite Q-Chem as follows:
 Y. Shao et al., Mol. Phys. 113, 184-215 (2015)
 DOI: 10.1080/00268976.2014.952696

 Q-Chem 5.3.0 for Intel X86 EM64T Linux

 Parts of Q-Chem use Armadillo 9.800.1 (Horizon Scraper).
 http://arma.sourceforge.net/

 Q-Chem begins on Thu Mar  5 09:03:00 2020  

Host: x86_64-conda_cos6-linux-gnu
0

     Scratch files written to /lscratch/mscheure/bla/qchem51217//
Processing $rem in /export/home/mscheure/data/qchem_ccman2_pe/qchem/config/preferences:
Processing $rem in /export/home/mscheure/.qchemrc:
Core orbitals will be frozen

Checking the input file for inconsistencies... 	...done.

--------------------------------------------------------------
User input:
--------------------------------------------------------------
$molecule
 0 1
 O 0 0 0
 H 0 0 1.795239827225189
 H 1.693194615993441 0 -0.599043184453037
$end

$rem
   METHOD            ccsd
   BASIS             cc-pvdz
   CC_REF_PROP       true
   CC_EOM_PROP       true
   CC_POL            true
   EOM_POL           4
   CC_FULLRESPONSE   false ! kaushik
   EE_SINGLETS       2
   sym_ignore        true
   symmetry         false
   cc_symmetry false
   mem_total 4000
   input_bohr = true
   threads 4
$end
--------------------------------------------------------------
 ----------------------------------------------------------------
             Standard Nuclear Orientation (Bohr)
    I     Atom           X                Y                Z
 ----------------------------------------------------------------
    1      O       0.0000000000     0.0000000000     0.0000000000
    2      H       0.0000000000     0.0000000000     1.7952398272
    3      H       1.6931946160     0.0000000000    -0.5990431845
 ----------------------------------------------------------------
 Nuclear Repulsion Energy =           9.25147927 hartrees
 There are        5 alpha and        5 beta electrons
 Requested basis set is cc-pVDZ
 There are 12 shells and 24 basis functions
 Total memory of 4000 MB is distributed as follows: 
   MEM_STATIC is set to 192 MB
   QALLOC/CCMAN JOB total memory use is  3808 MB
 Warning: actual memory use might exceed 4000 MB

 Total QAlloc Memory Limit   4000 MB
 Mega-Array Size       188 MB
 MEM_STATIC part       192 MB

                       Distance Matrix (Bohrs)
             O (  1)   H (  2)
   H (  2)  1.795240
   H (  3)  1.796040  2.932490
 
 A cutoff of  1.0D-14 yielded     78 shell pairs
 There are       322 function pairs (       352 Cartesian)
 Smallest overlap matrix eigenvalue = 3.48E-02

 Scale SEOQF with 1.000000e+00/1.000000e+00/1.000000e+00

 Standard Electronic Orientation quadrupole field applied
 Nucleus-field energy     =    -0.0000000008 hartrees
 Guess from superposition of atomic densities
 Warning:  Energy on first SCF cycle will be non-variational
 SAD guess density has 10.000000 electrons

 -----------------------------------------------------------------------
  General SCF calculation program by
  Eric Jon Sundstrom, Paul Horn, Yuezhi Mao, Dmitri Zuev, Alec White,
  David Stuck, Shaama M.S., Shane Yost, Joonho Lee, David Small,
  Daniel Levine, Susi Lehtola, Hugh Burton, Evgeny Epifanovsky,
  Bang C. Huynh
 -----------------------------------------------------------------------
 Hartree-Fock
 using 4 threads for integral computing
 -------------------------------------------------------
 OpenMP Integral computing Module                
 Release: version 2.0, May 2017, Q-Chem Inc. Pleasanton 
 -------------------------------------------------------
 A restricted SCF calculation will be
 performed using DIIS
 SCF converges when DIIS error is below 1.0e-08
 ---------------------------------------
  Cycle       Energy         DIIS error
 ---------------------------------------
    1     -75.9234425375      1.41e-01  
    2     -75.9932458766      2.40e-02  
    3     -76.0192836916      1.19e-02  
    4     -76.0261737463      1.35e-03  
    5     -76.0263359562      3.34e-04  
    6     -76.0263485335      5.51e-05  
    7     -76.0263489589      8.13e-06  
    8     -76.0263489686      6.60e-07  
    9     -76.0263489687      6.28e-08  
   10     -76.0263489687      9.36e-09  Convergence criterion met
 ---------------------------------------
 SCF time:   CPU 3.70s  wall 1.00s 
 SCF   energy in the final basis set =      -76.0263489687
 Total energy in the final basis set =      -76.0263489687


 ------------------------------------------------------------------------------

   CCMAN2: suite of methods based on coupled cluster
           and equation of motion theories.

   Components:
   * libvmm-1.3-trunk
     by Evgeny Epifanovsky, Ilya Kaliman.
   * libtensor-2.5-trunk
     by Evgeny Epifanovsky, Michael Wormit, Dmitry Zuev, Sam Manzer, 
        Ilya Kaliman.
   * libcc-2.5-trunk
     by Evgeny Epifanovsky, Arik Landau, Tomasz Kus, Kirill Khistyaev, 
        Dmitry Zuev, Prashant Manohar, Xintian Feng, Anna Krylov, 
        Matthew Goldey, Alec White, Thomas Jagau, Kaushik Nanda, 
        Anastasia Gunina, Alexander Kunitsa, Joonho Lee.

   CCMAN original authors:
   Anna I. Krylov, C. David Sherrill, Steven R. Gwaltney,
   Edward F. C. Byrd (2000)
   Sergey V. Levchenko, Lyudmila V. Slipchenko, Tao Wang,
   Ana-Maria C. Cristian (2003)
   Piotr A. Pieniazek, C. Melania Oana, Evgeny Epifanovsky (2007)
   Prashant Manohar (2009)

 ------------------------------------------------------------------------------


 Allocating and initializing 3808MB of RAM...
 Calculation will run on 4 cores.


 Occupation and symmetry of molecular orbitals

 Point group: C1 (1 irreducible representation).

                           A     All 
 -------------------------------------
 All molecular orbitals:
  - Alpha                  24    24  
  - Beta                   24    24  
 -------------------------------------
 Alpha orbitals:
  - Frozen occupied        1     1   
  - Active occupied        4     4   
  - Active virtual         19    19  
  - Frozen virtual         0     0   
 -------------------------------------
 Beta orbitals:
  - Frozen occupied        1     1   
  - Active occupied        4     4   
  - Active virtual         19    19  
  - Frozen virtual         0     0   
 -------------------------------------

 Import integrals:   CPU 0.00 s  wall 0.00 s

 Import integrals:   CPU 0.16 s  wall 0.04 s

 MP2 amplitudes:   CPU 0.02 s  wall 0.00 s

Running a double precision version
           CCSD T amplitudes will be solved using DIIS.

           Start     Size      MaxIter   EConv     TConv     
           3         7         100       1.00e-06  1.00e-04  
 ------------------------------------------------------------------------------
           Energy (a.u.)   Ediff      Tdiff       Comment
 ------------------------------------------------------------------------------
           -76.22704897                           
     1     -76.23238669   5.34e-03   3.88e-01     
     2     -76.23549978   3.11e-03   3.80e-02     
     3     -76.23620817   7.08e-04   1.15e-02     
     4     -76.23662706   4.19e-04   6.01e-03     Switched to DIIS steps.
     5     -76.23665150   2.44e-05   7.89e-04     
     6     -76.23665089   6.10e-07   2.50e-04     
     7     -76.23665093   3.65e-08   6.64e-05     
 ------------------------------------------------------------------------------
           -76.23665093                           CCSD T converged.

End of double precision
 SCF energy                 = -76.02634897
 MP2 energy                 = -76.22704897
 CCSD correlation energy    =  -0.21030196
 CCSD total energy          = -76.23665093

 CCSD  T1^2 = 0.0005  T2^2 = 0.0556  Leading amplitudes:

 Amplitude    Orbitals with energies
  0.0071       4 (A) A                   ->    6 (A) A                    
              -0.5577                          0.1876                     
  0.0071       4 (A) B                   ->    6 (A) B                    
              -0.5577                          0.1876                     
  0.0071       3 (A) A                   ->    18 (A) A                   
              -0.7123                          2.4867                     
  0.0071       3 (A) B                   ->    18 (A) B                   
              -0.7123                          2.4867                     

 Amplitude    Orbitals with energies
 -0.0514       5 (A) A       5 (A) B     ->    11 (A) A      11 (A) B     
              -0.4918       -0.4918            1.2017        1.2017       
  0.0514       5 (A) A       5 (A) B     ->    11 (A) B      11 (A) A     
              -0.4918       -0.4918            1.2017        1.2017       
  0.0514       5 (A) B       5 (A) A     ->    11 (A) A      11 (A) B     
              -0.4918       -0.4918            1.2017        1.2017       
 -0.0514       5 (A) B       5 (A) A     ->    11 (A) B      11 (A) A     
              -0.4918       -0.4918            1.2017        1.2017       

 Computing CCSD intermediates for later calculations in double precision
 Finished.

Running a double precision version
           CCSD Lambda amplitudes will be solved using DIIS.
           Start     Size      MaxIter   EConv     LConv     
           3         7         100       1.00e-06  1.00e-04  
 ------------------------------------------------------------------------------
            Enorm      Ldiff       Comment
 ------------------------------------------------------------------------------
     1     8.82e-03   5.77e-03     
     2     1.82e-03   1.01e-03     
     3     6.11e-04   2.40e-04     
     4     1.94e-04   1.25e-04     Switched to DIIS steps.
     5     6.33e-05   3.03e-05     
     6     1.77e-05   4.69e-06     
     7     3.94e-06   2.71e-07     
     8     8.54e-07   1.67e-07     
 ------------------------------------------------------------------------------
                                   CCSD Lambda converged.

 Computing density matrices in double precision...
 Computing density matrices... Done.
 Reference state properties
 Dipole moment (a.u.): 0.736054 (X 0.601094, Y 0.000000, Z 0.424807)
 R-squared (a.u.): 18.955207 (XX 6.694596, YY 5.242451, ZZ 7.018160)
 Gauge origin (a.u.): (0.000000, 0.000000, 0.000000)
 Angular momentum (a.u.) against gauge origin: 
 (X 0.000000i, Y 0.000000i, Z 0.000000i)
 Traces of the OPDMs: Tr(AA) 5.000000, Tr(BB) 5.000000
 Density matrix was written to a file for further analysis.
           CCSD Polarizability response will be solved using DIIS.
           Start     Size      MaxIter   EConv     XConv     
           3         7         100       1.00e-06  1.00e-06  
Performing DIIS for the x-component of dTdy
 ------------------------------------------------------------------------------
            Enorm      Xdiff       Comment
 ------------------------------------------------------------------------------
     1     4.02e-01   3.66e-01     
     2     2.16e-01   1.95e-01     
     3     1.23e-01   1.08e-01     
     4     1.89e-02   1.38e-01     Switched to DIIS steps.
     5     3.78e-03   1.17e-02     
     6     8.80e-04   8.92e-04     
     7     2.23e-04   2.19e-04     
     8     5.80e-05   7.96e-06     
     9     1.31e-05   3.75e-06     
    10     4.56e-06   4.61e-07     
    11     1.02e-06   3.86e-07     
    12     2.71e-07   1.17e-09     
 ------------------------------------------------------------------------------
                                   Polarizability X-amplitude response conv
Performing DIIS for the y-component of dTdy
 ------------------------------------------------------------------------------
            Enorm      Xdiff       Comment
 ------------------------------------------------------------------------------
     1     2.83e-01   2.49e-01     
     2     1.72e-01   1.44e-01     
     3     1.12e-01   9.26e-02     
     4     1.93e-02   1.66e-01     Switched to DIIS steps.
     5     3.52e-03   2.24e-02     
     6     4.49e-04   2.22e-03     
     7     6.57e-05   1.45e-04     
     8     1.49e-05   2.98e-06     
     9     3.76e-06   4.33e-06     
    10     9.46e-07   4.24e-07     
 ------------------------------------------------------------------------------
                                   Polarizability X-amplitude response conv
Performing DIIS for the z-component of dTdy
 ------------------------------------------------------------------------------
            Enorm      Xdiff       Comment
 ------------------------------------------------------------------------------
     1     4.27e-01   3.93e-01     
     2     2.22e-01   2.03e-01     
     3     1.22e-01   1.08e-01     
     4     1.66e-02   1.29e-01     Switched to DIIS steps.
     5     3.79e-03   8.23e-03     
     6     9.02e-04   7.03e-04     
     7     2.38e-04   1.66e-04     
     8     6.54e-05   1.53e-05     
     9     1.55e-05   4.71e-06     
    10     5.31e-06   6.71e-07     
    11     1.16e-06   4.63e-07     
    12     3.26e-07   7.19e-08     
 ------------------------------------------------------------------------------
                                   Polarizability X-amplitude response conv

Static polarizability with symmetric derivative approach

 Polarizability Tensor ALPHA_IJ, I,J=X,Y,Z (a.u.):
 ------------------------------------------------------------------------------
          5.66992443   -0.00000000   -0.95976518
         -0.00000000    3.16371508    0.00000000
         -0.95976518    0.00000000    6.34401183
 ------------------------------------------------------------------------------
 Isotropic polarizability: 1/3 * (a_xx + a_yy + a_zz)
 Isotropic polarizability in a.u. = 5.05921711
 Anisotropic polarizability: SQRT(0.5*((a_xx-a_yy)^2 + (a_yy-a_zz)^2 + (a_zz-a_xx)^2))
 Anisotropic polarizability in a.u. = 2.90256495
 ------------------------------------------------------------------------------

 CCSD calculation:   CPU 4.54 s  wall 2.37 s

        Solving for EOMEE-CCSD A singlet states.

Running a double precision version
        EOMEE-CCSD/MP2 right amplitudes will be solved using Davidson.
        Amplitudes will be solved using standard  algorithm.
     Hard-coded thresholds: 
     LinDepThresh=1.00e-15  NormThresh=1.00e-06  ReorthogonThresh=1.00e-02

      Roots     MaxVec    MaxIter   Precond   Conv      Shift    
      2         120       60        1         1.00e-05  0.00e+00  
 ------------------------------------------------------------------------------
      Iter ConvRoots NVecs ResNorm Current eigenvalues (eV)
 ------------------------------------------------------------------------------
      0    0      2     2.37e-01   11.4982   13.8838   
      1    0      4     5.15e-02   8.9104   11.3042   
      2    0      6     3.45e-03   8.2859   10.6722   
      3    0      8     3.57e-04   8.2494   10.6262   
      4    0      10    2.89e-05   8.2488   10.6252   
      5    2      12    1.59e-06   8.2489*  10.6250*  

     Davidson procedure converged

 EOMEE transition 1/A
 Total energy = -75.93350823 a.u.  Excitation energy = 8.2489 eV.
 R0^2 = 0.0000  R1^2 = 0.9522  R2^2 = 0.0478  Res^2 = 1.09e-06
 Conv-d = yes

 Amplitude    Transitions between orbitals
  0.6853       5 (A) A                   ->    6 (A) A                    
  0.6853       5 (A) B                   ->    6 (A) B                    
  0.0712       5 (A) A                   ->    9 (A) A                    
  0.0712       5 (A) B                   ->    9 (A) B                    

              Summary of significant orbitals:

               Number  Type             Irrep      Energy
               5       Occ  Alpha       5 (A)     -0.4918
               5       Occ  Beta        5 (A)     -0.4918
               6       Vir  Alpha       6 (A)      0.1876
               9       Vir  Alpha       9 (A)      0.8374
               6       Vir  Beta        6 (A)      0.1876
               9       Vir  Beta        9 (A)      0.8374


 EOMEE transition 2/A
 Total energy = -75.84618966 a.u.  Excitation energy = 10.6250 eV.
 R0^2 = 0.0001  R1^2 = 0.9513  R2^2 = 0.0487  Res^2 = 2.09e-06
 Conv-d = yes

 Amplitude    Transitions between orbitals
 -0.6838       4 (A) A                   ->    6 (A) A                    
 -0.6838       4 (A) B                   ->    6 (A) B                    
 -0.0605       4 (A) A                   ->    9 (A) A                    
 -0.0605       4 (A) B                   ->    9 (A) B                    

              Summary of significant orbitals:

               Number  Type             Irrep      Energy
               4       Occ  Alpha       4 (A)     -0.5577
               4       Occ  Beta        4 (A)     -0.5577
               6       Vir  Alpha       6 (A)      0.1876
               9       Vir  Alpha       9 (A)      0.8374
               6       Vir  Beta        6 (A)      0.1876
               9       Vir  Beta        9 (A)      0.8374


Running a double precision version
      EOM-CCSD/MP2 left amplitudes will be solved using Davidson.
        Amplitudes will be solved using MOM  algorithm.
     Hard-coded thresholds: 
     LinDepThresh=1.00e-15  NormThresh=1.00e-06  ReorthogonThresh=1.00e-02

      Roots     MaxVec    MaxIter   Precond   Conv      Shift    
      2         120       60        1         1.00e-05  0.00e+00  
 ------------------------------------------------------------------------------
      Iter ConvRoots NVecs ResNorm Current eigenvalues (eV)
 ------------------------------------------------------------------------------
      0    0      2     5.82e-03   8.2489   10.6250   
      1    0      4     8.83e-04   8.2489   10.6250   
      2    0      6     3.49e-05   8.2489   10.6250   
      3    2      8     3.44e-06   8.2490*  10.6250*  

     Davidson procedure converged

 Excited state properties for  EOMEE-CCSD transition 1/A
 Dipole moment (a.u.): 0.208296 (X -0.171303, Y 0.000000, Z -0.118502)
 R-squared (a.u.): 26.335699 (XX 9.905906, YY 5.965861, ZZ 10.463932)
 Gauge origin (a.u.): (0.000000, 0.000000, 0.000000)
 Angular momentum (a.u.) against gauge origin: 
 (X 0.000000i, Y -0.000006i, Z 0.000000i)
 Traces of the OPDMs: Tr(AA) 5.000000, Tr(BB) 5.000000

           EOM Polarizability response will be solved using DIIS.
           Start     Size      MaxIter   EConv     XConv     
           3         7         100       1.00e-06  1.00e-06  
Performing DIIS for the x-component of dLdy
 ------------------------------------------------------------------------------
            Enorm      Xdiff       Comment
 ------------------------------------------------------------------------------
     1     6.79e+00   6.31e+00     
     2     3.17e+01   3.12e+01     
     3     1.50e+02   1.49e+02     
     4     1.11e+00   1.84e+02     Switched to DIIS steps.
     5     1.04e+00   6.10e+00     
     6     1.21e+00   1.91e+00     
     7     2.16e-01   3.18e-01     
     8     1.01e-02   7.60e-02     
     9     2.12e-03   1.28e-02     
    10     6.33e-04   2.09e-03     
    11     1.82e-04   3.04e-04     
    12     3.57e-05   1.25e-04     
    13     1.59e-05   1.02e-04     
    14     4.41e-06   2.43e-05     
    15     2.10e-06   8.67e-06     
    16     7.77e-07   6.48e-07     
 ------------------------------------------------------------------------------
                                   Polarizability tX-amplitude response con
Performing DIIS for the y-component of dLdy
 ------------------------------------------------------------------------------
            Enorm      Xdiff       Comment
 ------------------------------------------------------------------------------
     1     2.81e-01   2.54e-01     
     2     1.62e-01   1.36e-01     
     3     1.14e-01   8.52e-02     
     4     6.94e-02   1.44e-01     Switched to DIIS steps.
     5     3.41e-02   1.53e-01     
     6     1.01e-02   9.16e-02     
     7     3.01e-03   2.85e-02     
     8     9.29e-04   6.81e-04     
     9     2.42e-04   1.08e-03     
    10     9.00e-05   9.39e-05     
    11     2.44e-05   5.62e-06     
    12     6.94e-06   5.12e-06     
    13     2.90e-06   9.97e-06     
    14     7.14e-07   8.42e-06     
    15     3.21e-07   1.72e-06     
    16     4.08e-07   3.19e-07     
 ------------------------------------------------------------------------------
                                   Polarizability tX-amplitude response con
Performing DIIS for the z-component of dLdy
 ------------------------------------------------------------------------------
            Enorm      Xdiff       Comment
 ------------------------------------------------------------------------------
     1     5.09e+00   4.46e+00     
     2     2.25e+01   2.13e+01     
     3     1.06e+02   1.05e+02     
     4     1.54e+00   1.26e+02     Switched to DIIS steps.
     5     8.63e-01   9.23e+00     
     6     1.14e+00   2.41e+00     
     7     3.47e-01   2.51e-01     
     8     1.28e-02   4.88e-02     
     9     1.91e-03   1.50e-02     
    10     5.26e-04   3.40e-03     
    11     1.53e-04   6.17e-04     
    12     3.90e-05   1.21e-04     
    13     1.57e-05   6.92e-05     
    14     3.20e-06   1.77e-05     
    15     1.62e-06   1.35e-05     
    16     1.42e-06   2.95e-06     
    17     9.85e-07   1.57e-06     
    18     5.98e-07   1.16e-06     
    19     9.32e-08   1.21e-06     
    20     9.80e-08   1.22e-07     
 ------------------------------------------------------------------------------
                                   Polarizability tX-amplitude response con

Static polarizability with expectation-value approach using left response vectors

 Polarizability Tensor ALPHA_IJ, I,J=X,Y,Z (a.u.):
 ------------------------------------------------------------------------------
         33.21292150    0.00000049  -41.76729846
          0.00000049    2.56420622    0.00000035
        -41.76729846    0.00000035   62.76441903
 ------------------------------------------------------------------------------
 Isotropic polarizability: 1/3 * (a_xx + a_yy + a_zz)
 Isotropic polarizability in a.u. = 32.84718225
 Anisotropic polarizability: SQRT(0.5*((a_xx-a_yy)^2 + (a_yy-a_zz)^2 + (a_zz-a_xx)^2))
 Anisotropic polarizability in a.u. = 52.13780000
 ------------------------------------------------------------------------------
 Excited state properties for  EOMEE-CCSD transition 2/A
 Dipole moment (a.u.): 0.307498 (X -0.252098, Y 0.000000, Z -0.176073)
 R-squared (a.u.): 26.262442 (XX 9.332806, YY 6.789147, ZZ 10.140489)
 Gauge origin (a.u.): (0.000000, 0.000000, 0.000000)
 Angular momentum (a.u.) against gauge origin: 
 (X 0.000000i, Y 0.000027i, Z 0.000000i)
 Traces of the OPDMs: Tr(AA) 5.000000, Tr(BB) 5.000000

           EOM Polarizability response will be solved using DIIS.
           Start     Size      MaxIter   EConv     XConv     
           3         7         100       1.00e-06  1.00e-06  
Performing DIIS for the x-component of dLdy
 ------------------------------------------------------------------------------
            Enorm      Xdiff       Comment
 ------------------------------------------------------------------------------
     1     4.53e+01   4.48e+01     
     2     5.15e+02   5.15e+02     
     3     5.86e+03   5.86e+03     
     4     1.13e+00   6.42e+03     Switched to DIIS steps.
     5     1.50e+00   6.07e+00     
     6     1.95e+00   1.72e+00     
     7     4.20e-01   1.38e-01     
     8     7.22e-03   3.27e-02     
     9     8.74e-03   1.43e-02     
    10     3.57e-03   3.27e-03     
    11     3.48e-04   3.90e-04     
    12     2.69e-04   4.62e-05     
    13     1.89e-04   2.13e-04     
    14     1.11e-04   7.81e-06     
    15     8.01e-05   1.55e-05     
    16     1.61e-05   6.31e-06     
    17     6.39e-06   2.77e-05     
    18     2.51e-06   2.05e-07     
    19     1.40e-06   1.35e-06     
    20     1.06e-06   4.56e-06     
    21     6.03e-07   3.28e-06     
    22     5.73e-07   1.46e-06     
    23     5.95e-07   9.51e-08     
 ------------------------------------------------------------------------------
                                   Polarizability tX-amplitude response con
Performing DIIS for the y-component of dLdy
 ------------------------------------------------------------------------------
            Enorm      Xdiff       Comment
 ------------------------------------------------------------------------------
     1     3.76e-01   3.49e-01     
     2     3.67e-01   3.05e-01     
     3     4.22e-01   3.53e-01     
     4     2.41e-01   7.88e-01     Switched to DIIS steps.
     5     3.35e-02   6.29e-01     
     6     8.02e-03   5.12e-02     
     7     2.09e-03   5.47e-03     
     8     5.12e-04   1.16e-03     
     9     1.12e-04   7.14e-04     
    10     4.00e-05   6.77e-05     
    11     1.20e-04   2.18e-05     
    12     1.61e-05   4.00e-05     
    13     1.46e-05   2.66e-05     
    14     4.79e-06   2.51e-05     
    15     3.36e-06   3.34e-06     
    16     3.31e-06   3.35e-07     
    17     3.48e-06   8.75e-07     
    18     3.62e-06   7.33e-07     
    19     5.43e-07   3.38e-06     
    20     2.38e-07   3.94e-07     
 ------------------------------------------------------------------------------
                                   Polarizability tX-amplitude response con
Performing DIIS for the z-component of dLdy
 ------------------------------------------------------------------------------
            Enorm      Xdiff       Comment
 ------------------------------------------------------------------------------
     1     3.20e+01   3.09e+01     
     2     3.64e+02   3.63e+02     
     3     4.14e+03   4.14e+03     
     4     1.56e+00   4.53e+03     Switched to DIIS steps.
     5     1.19e+00   9.18e+00     
     6     1.72e+00   2.04e+00     
     7     5.57e-01   9.47e-02     
     8     1.15e-02   1.58e-02     
     9     8.17e-03   1.75e-02     
    10     2.48e-03   4.96e-03     
    11     3.72e-04   7.75e-04     
    12     2.31e-04   2.64e-05     
    13     1.50e-04   7.60e-05     
    14     7.26e-05   3.00e-05     
    15     6.35e-05   2.24e-05     
    16     1.02e-05   5.78e-05     
    17     4.95e-06   2.20e-05     
    18     2.54e-06   3.39e-06     
    19     7.85e-07   1.37e-07     
 ------------------------------------------------------------------------------
                                   Polarizability tX-amplitude response con

Static polarizability with expectation-value approach using left response vectors

 Polarizability Tensor ALPHA_IJ, I,J=X,Y,Z (a.u.):
 ------------------------------------------------------------------------------
         32.63266955    0.00001908  -42.18366856
          0.00001908    2.48897255    0.00001346
        -42.18366856    0.00001346   62.47632110
 ------------------------------------------------------------------------------
 Isotropic polarizability: 1/3 * (a_xx + a_yy + a_zz)
 Isotropic polarizability in a.u. = 32.53265440
 Anisotropic polarizability: SQRT(0.5*((a_xx-a_yy)^2 + (a_yy-a_zz)^2 + (a_zz-a_xx)^2))
 Anisotropic polarizability in a.u. = 51.95078437
 ------------------------------------------------------------------------------
 EOMEE-CCSD calculation:   CPU 13.73 s  wall 6.69 s

 Total ccman2 time:   CPU 19.37 s  wall 9.31 s

 
 --------------------------------------------------------------
 
                    Orbital Energies (a.u.)
 --------------------------------------------------------------
 
 Alpha MOs
 -- Occupied --
-20.5464  -1.3363  -0.7123  -0.5577  -0.4918
 -- Virtual --
  0.1876   0.2566   0.8128   0.8374   1.1606   1.2017   1.2479   1.4626
  1.4859   1.7031   1.8777   1.9141   2.4867   2.4997   3.2642   3.3654
  3.4851   3.9232   4.1237
 --------------------------------------------------------------
 
          Ground-State Mulliken Net Atomic Charges

     Atom                 Charge (a.u.)
  ----------------------------------------
      1 O                    -0.274295
      2 H                     0.137054
      3 H                     0.137241
  ----------------------------------------
  Sum of atomic charges =     0.000000

 -----------------------------------------------------------------
                    Cartesian Multipole Moments
 -----------------------------------------------------------------
    Charge (ESU x 10^10)
                 0.0000
    Dipole Moment (Debye)
         X       1.5278      Y      -0.0000      Z       1.0798
       Tot       1.8709
    Quadrupole Moments (Debye-Ang)
        XX      -5.1484     XY       0.0000     YY      -7.0513
        XZ      -0.7456     YZ       0.0000     ZZ      -4.6221
    Octopole Moments (Debye-Ang^2)
       XXX       0.0756    XXY      -0.0000    XYY      -0.4127
       YYY      -0.0000    XXZ      -0.7678    XYZ      -0.0000
       YYZ      -0.2912    XZZ      -0.2524    YZZ      -0.0000
       ZZZ       0.6428
    Hexadecapole Moments (Debye-Ang^3)
      XXXX      -5.1720   XXXY       0.0000   XXYY      -1.9337
      XYYY       0.0000   YYYY      -4.9097   XXXZ      -0.2545
      XXYZ       0.0000   XYYZ       0.1015   YYYZ       0.0000
      XXZZ      -2.0770   XYZZ       0.0000   YYZZ      -2.0048
      XZZZ       0.1847   YZZZ       0.0000   ZZZZ      -5.1219
 -----------------------------------------------------------------
Archival summary:
1\1\Knecht19\SP\ProcedureUnspecified\BasisUnspecified\12\mscheure\ThuMar509:03:132020ThuMar509:03:132020\0\\#,ProcedureUnspecified,BasisUnspecified,\\0,1\O\H,1,1.79524\H,1,1.79604,2,109.484\\HF=-76.026349\\@

 Total job time:  12.59s(wall), 27.41s(cpu) 
 Thu Mar  5 09:03:13 2020

        *************************************************************
        *                                                           *
        *  Thank you very much for using Q-Chem.  Have a nice day.  *
        *                                                           *
        *************************************************************


